{
  "version": "1.5.0",
  "plugins_used": [
    {
      "name": "ArtifactoryDetector"
    },
    {
      "name": "AWSKeyDetector"
    },
    {
      "name": "AzureStorageKeyDetector"
    },
    {
      "name": "Base64HighEntropyString",
      "limit": 4.5
    },
    {
      "name": "BasicAuthDetector"
    },
    {
      "name": "CloudantDetector"
    },
    {
      "name": "DiscordBotTokenDetector"
    },
    {
      "name": "GitHubTokenDetector"
    },
    {
      "name": "GitLabTokenDetector"
    },
    {
      "name": "HexHighEntropyString",
      "limit": 3.0
    },
    {
      "name": "IbmCloudIamDetector"
    },
    {
      "name": "IbmCosHmacDetector"
    },
    {
      "name": "IPPublicDetector"
    },
    {
      "name": "JwtTokenDetector"
    },
    {
      "name": "KeywordDetector",
      "keyword_exclude": ""
    },
    {
      "name": "MailchimpDetector"
    },
    {
      "name": "NpmDetector"
    },
    {
      "name": "OpenAIDetector"
    },
    {
      "name": "PrivateKeyDetector"
    },
    {
      "name": "PypiTokenDetector"
    },
    {
      "name": "SendGridDetector"
    },
    {
      "name": "SlackDetector"
    },
    {
      "name": "SoftlayerDetector"
    },
    {
      "name": "SquareOAuthDetector"
    },
    {
      "name": "StripeDetector"
    },
    {
      "name": "TelegramBotTokenDetector"
    },
    {
      "name": "TwilioKeyDetector"
    }
  ],
  "filters_used": [
    {
      "path": "detect_secrets.filters.allowlist.is_line_allowlisted"
    },
    {
      "path": "detect_secrets.filters.common.is_ignored_due_to_verification_policies",
      "min_level": 2
    },
    {
      "path": "detect_secrets.filters.heuristic.is_indirect_reference"
    },
    {
      "path": "detect_secrets.filters.heuristic.is_likely_id_string"
    },
    {
      "path": "detect_secrets.filters.heuristic.is_lock_file"
    },
    {
      "path": "detect_secrets.filters.heuristic.is_not_alphanumeric_string"
    },
    {
      "path": "detect_secrets.filters.heuristic.is_potential_uuid"
    },
    {
      "path": "detect_secrets.filters.heuristic.is_prefixed_with_dollar_sign"
    },
    {
      "path": "detect_secrets.filters.heuristic.is_sequential_string"
    },
    {
      "path": "detect_secrets.filters.heuristic.is_swagger_file"
    },
    {
      "path": "detect_secrets.filters.heuristic.is_templated_secret"
    },
    {
      "path": "detect_secrets.filters.regex.should_exclude_file",
      "pattern": [
        "\\.secrets\\.baseline$"
      ]
    }
  ],
  "results": {
    ".github/workflows/ci.yml": [
      {
        "type": "Secret Keyword",
        "filename": ".github\\workflows\\ci.yml",
        "hashed_secret": "5e36fe45d264ae59b1090c7d04332c1341c9f31b",
        "is_verified": false,
        "line_number": 36
      }
    ],
    "contracts/design-authority/manifest.json": [
      {
        "type": "Hex High Entropy String",
        "filename": "contracts\\design-authority\\manifest.json",
        "hashed_secret": "456b19d26d24bc2f17509a689faaa5ae5bb8ce1d",
        "is_verified": false,
        "line_number": 12
      },
      {
        "type": "Hex High Entropy String",
        "filename": "contracts\\design-authority\\manifest.json",
        "hashed_secret": "6c17b94fa8f327e682d8b09da3f63948a48e43c7",
        "is_verified": false,
        "line_number": 13
      },
      {
        "type": "Hex High Entropy String",
        "filename": "contracts\\design-authority\\manifest.json",
        "hashed_secret": "b49a20c5ad44182b3cc1ee8ff81e9050f16bd827",
        "is_verified": false,
        "line_number": 18
      },
      {
        "type": "Hex High Entropy String",
        "filename": "contracts\\design-authority\\manifest.json",
        "hashed_secret": "425a87bed9cb7310835be6ed6e796d4cff7cd327",
        "is_verified": false,
        "line_number": 19
      },
      {
        "type": "Hex High Entropy String",
        "filename": "contracts\\design-authority\\manifest.json",
        "hashed_secret": "887aacd6a4ff1401bebfa29e91985568fac7246c",
        "is_verified": false,
        "line_number": 24
      },
      {
        "type": "Hex High Entropy String",
        "filename": "contracts\\design-authority\\manifest.json",
        "hashed_secret": "7bb4ebeb05ab0d38db48a26494d85713f45d78d5",
        "is_verified": false,
        "line_number": 25
      }
    ],
    "contracts/design-authority/v2-overlay.json": [
      {
        "type": "Hex High Entropy String",
        "filename": "contracts\\design-authority\\v2-overlay.json",
        "hashed_secret": "cf5f5733a512306ee9f92fa1dc7c14278f5e6404",
        "is_verified": false,
        "line_number": 8
      }
    ],
    "src/foundation.contract.test.ts": [
      {
        "type": "Hex High Entropy String",
        "filename": "src\\foundation.contract.test.ts",
        "hashed_secret": "cf5f5733a512306ee9f92fa1dc7c14278f5e6404",
        "is_verified": false,
        "line_number": 318
      }
    ],
    "src/generated/openapi-hash.json": [
      {
        "type": "Hex High Entropy String",
        "filename": "src\\generated\\openapi-hash.json",
        "hashed_secret": "c1e952d13260cfbc73a45ce6eaa8db759125d86a",
        "is_verified": false,
        "line_number": 4
      },
      {
        "type": "Hex High Entropy String",
        "filename": "src\\generated\\openapi-hash.json",
        "hashed_secret": "1bafe0913649ea4d26848679ac8b17997332190d",
        "is_verified": false,
        "line_number": 5
      }
    ],
    "src/lib/media/authority-checksums.ts": [
      {
        "type": "Hex High Entropy String",
        "filename": "src\\lib\\media\\authority-checksums.ts",
        "hashed_secret": "0595073afd47b467c643553646fce4d8a730ff02",
        "is_verified": false,
        "line_number": 7
      },
      {
        "type": "Hex High Entropy String",
        "filename": "src\\lib\\media\\authority-checksums.ts",
        "hashed_secret": "148c21a4b693ac9a6a9363f99916ab2e5e83c2df",
        "is_verified": false,
        "line_number": 9
      },
      {
        "type": "Hex High Entropy String",
        "filename": "src\\lib\\media\\authority-checksums.ts",
        "hashed_secret": "4ad310cbda36ccd2c2dcbcb39234ea85efd7c358",
        "is_verified": false,
        "line_number": 11
      },
      {
        "type": "Hex High Entropy String",
        "filename": "src\\lib\\media\\authority-checksums.ts",
        "hashed_secret": "554d82d9e63dd6e681ae475d63e73c37b1633038",
        "is_verified": false,
        "line_number": 13
      },
      {
        "type": "Hex High Entropy String",
        "filename": "src\\lib\\media\\authority-checksums.ts",
        "hashed_secret": "fa82b96ba9d48f924bb69db346766c6cc9610d51",
        "is_verified": false,
        "line_number": 15
      },
      {
        "type": "Hex High Entropy String",
        "filename": "src\\lib\\media\\authority-checksums.ts",
        "hashed_secret": "22411f542561b5ca0e5003edf333507fa0d0bb5d",
        "is_verified": false,
        "line_number": 17
      },
      {
        "type": "Hex High Entropy String",
        "filename": "src\\lib\\media\\authority-checksums.ts",
        "hashed_secret": "542e15f46ecd68f69aa3f15a554f918805669c9d",
        "is_verified": false,
        "line_number": 19
      },
      {
        "type": "Hex High Entropy String",
        "filename": "src\\lib\\media\\authority-checksums.ts",
        "hashed_secret": "d6225f192d2bc05cef32bb1072ff73c9baf26786",
        "is_verified": false,
        "line_number": 21
      },
      {
        "type": "Hex High Entropy String",
        "filename": "src\\lib\\media\\authority-checksums.ts",
        "hashed_secret": "a5d3e41665038a760fde69be7a853981cbae8da5",
        "is_verified": false,
        "line_number": 23
      },
      {
        "type": "Hex High Entropy String",
        "filename": "src\\lib\\media\\authority-checksums.ts",
        "hashed_secret": "02ab9c99f057fe9cc4d931a063840df44179a1ed",
        "is_verified": false,
        "line_number": 25
      },
      {
        "type": "Hex High Entropy String",
        "filename": "src\\lib\\media\\authority-checksums.ts",
        "hashed_secret": "fe44dd96592249bde80d7d37505f6be851f4c3bb",
        "is_verified": false,
        "line_number": 27
      },
      {
        "type": "Hex High Entropy String",
        "filename": "src\\lib\\media\\authority-checksums.ts",
        "hashed_secret": "61d1428eb41979cfc6b91d0398fe80525f7be319",
        "is_verified": false,
        "line_number": 29
      },
      {
        "type": "Hex High Entropy String",
        "filename": "src\\lib\\media\\authority-checksums.ts",
        "hashed_secret": "6fac6ab3839caac4d07594b3ae5fd23a8fcc1d4a",
        "is_verified": false,
        "line_number": 31
      },
      {
        "type": "Hex High Entropy String",
        "filename": "src\\lib\\media\\authority-checksums.ts",
        "hashed_secret": "a48973627380d88c625d156758379b2b1bbf08c4",
        "is_verified": false,
        "line_number": 33
      },
      {
        "type": "Hex High Entropy String",
        "filename": "src\\lib\\media\\authority-checksums.ts",
        "hashed_secret": "f502dc7c34d3f554cf376c072907ed33f2d8d13a",
        "is_verified": false,
        "line_number": 35
      }
    ],
    "src/lib/product-api.contract.test.ts": [
      {
        "type": "Hex High Entropy String",
        "filename": "src\\lib\\product-api.contract.test.ts",
        "hashed_secret": "c1e952d13260cfbc73a45ce6eaa8db759125d86a",
        "is_verified": false,
        "line_number": 9
      }
    ],
    "src/test-harness/contract-fixtures.ts": [
      {
        "type": "Hex High Entropy String",
        "filename": "src\\test-harness\\contract-fixtures.ts",
        "hashed_secret": "c1e952d13260cfbc73a45ce6eaa8db759125d86a",
        "is_verified": false,
        "line_number": 26
      },
      {
        "type": "Hex High Entropy String",
        "filename": "src\\test-harness\\contract-fixtures.ts",
        "hashed_secret": "17abdd2fb2714ba414aa48574cfba5d0362911ee",
        "is_verified": false,
        "line_number": 30
      }
    ],
    "tests/fixtures/contracts/product-record-resolver.json": [
      {
        "type": "Hex High Entropy String",
        "filename": "tests\\fixtures\\contracts\\product-record-resolver.json",
        "hashed_secret": "c1e952d13260cfbc73a45ce6eaa8db759125d86a",
        "is_verified": false,
        "line_number": 5
      }
    ],
    "tests/fixtures/fonts/subset-coverage.json": [
      {
        "type": "Hex High Entropy String",
        "filename": "tests\\fixtures\\fonts\\subset-coverage.json",
        "hashed_secret": "13676b5e6e4c012490d96777136ba4584e9ebb1b",
        "is_verified": false,
        "line_number": 11
      },
      {
        "type": "Hex High Entropy String",
        "filename": "tests\\fixtures\\fonts\\subset-coverage.json",
        "hashed_secret": "784db7a41691997e060440a3e520dd2c75b2be37",
        "is_verified": false,
        "line_number": 30
      },
      {
        "type": "Hex High Entropy String",
        "filename": "tests\\fixtures\\fonts\\subset-coverage.json",
        "hashed_secret": "479f7abc32e6adcbc160bbc95a486d50a41e22e9",
        "is_verified": false,
        "line_number": 41
      },
      {
        "type": "Hex High Entropy String",
        "filename": "tests\\fixtures\\fonts\\subset-coverage.json",
        "hashed_secret": "93b23b89d622077d9c13f947701817683e927811",
        "is_verified": false,
        "line_number": 52
      },
      {
        "type": "Hex High Entropy String",
        "filename": "tests\\fixtures\\fonts\\subset-coverage.json",
        "hashed_secret": "2382752752891c2411ebbba1174fe74316ec271e",
        "is_verified": false,
        "line_number": 73
      },
      {
        "type": "Hex High Entropy String",
        "filename": "tests\\fixtures\\fonts\\subset-coverage.json",
        "hashed_secret": "a26cf89fea30e028d5b17e76a45631b8c2462b76",
        "is_verified": false,
        "line_number": 84
      }
    ]
  },
  "generated_at": "2026-09-10T19:48:24Z"
}
